// Jest Snapshot v1, https://goo.gl/fbAQLP

exports[`Product Modal renders correctly 1`] = `
<div
  className="product-modal-container"
>
  <img
    alt="item.name"
    className="product-modal-container--product-image"
    loading="lazy"
    src="/food/undefined"
  />
  <div
    className="product-modal-container--right-col"
  >
    <h2
      className="product-modal-container--item-name"
    >
      item.name
    </h2>
    <div
      className="product-modal-container--rating"
    >
      <p>
        (
        5
        )
      </p>
    </div>
    <p
      className="product-modal-container--price"
    >
      $
      NaN
    </p>
    <p
      className="product-modal-container--description"
    >
      item.description
    </p>
    <div
      className="product-modal-container--nutrition-container"
    >
      <h3>
        nutrition
      </h3>
      <div
        className="product-modal-container--nutrition-container--item"
      >
        <p>
          Calories:
        </p>
        <p>
          520
        </p>
      </div>
      <div
        className="product-modal-container--nutrition-container--item"
      >
        <p>
          Fat: 
        </p>
        <p>
          5
        </p>
      </div>
      <div
        className="product-modal-container--nutrition-container--item"
      >
        <p>
          Proteins: 
        </p>
        <p>
          20
        </p>
      </div>
      <div
        className="product-modal-container--nutrition-container--item"
      >
        <p>
          Carbohydrates: 
        </p>
        <p>
          70
        </p>
      </div>
    </div>
  </div>
</div>
`;
